// Jest Snapshot v1, https://goo.gl/fbAQLP

exports[`App should render a welcoming div 1`] = `
<div
  data-radium="true"
  style="width:100%;margin-top:20px;text-align:center;font-size:24px"
>
  Hello 
  <strong>
    toggle.io
  </strong>
  !
</div>
`;
